// Jest Snapshot v1, https://goo.gl/fbAQLP

exports[`</App> App should render without errors 1`] = `
<div
  className="App"
>
  <WithStyles(CssBaseline) />
  <BrowserRouter>
    <Route
      component={[Function]}
      exact={true}
      path="/"
    />
    <Route
      component={[Function]}
      path="/game"
    />
  </BrowserRouter>
</div>
`;
